[0;36m==> [1;39mCleaning…[m
[0;36m==> [1;36mNotice:[m Build may be slow as Theos isn’t using all available CPU cores on this computer. Consider upgrading GNU Make: https://theos.dev/docs/parallel-building
[1;31m> [1;3;39mMaking all for tweak AutoBackground17…[m
[0;31m==> [1;39mPreprocessing src/AutoBGSpringBoardHooks.xm…[m
[0;32m==> [1;39mCompiling src/AutoBGSpringBoardHooks.xm (arm64)…[m
[0;32m==> [1;39mCompiling src/AutoBGConfig.m (arm64)…[m
[0;33m==> [1;39mLinking tweak AutoBackground17 (arm64)…[m
ld: warning: -multiply_defined is obsolete
[0;34m==> [1;39mGenerating debug symbols for AutoBackground17…[m
[0;34m==> [1;39mStripping AutoBackground17 (arm64)…[m
[0;31m==> [1;39mPreprocessing src/AutoBGSpringBoardHooks.xm…[m
[0;32m==> [1;39mCompiling src/AutoBGSpringBoardHooks.xm (arm64e)…[m
[0;32m==> [1;39mCompiling src/AutoBGConfig.m (arm64e)…[m
[0;33m==> [1;39mLinking tweak AutoBackground17 (arm64e)…[m
ld: warning: -multiply_defined is obsolete
[0;34m==> [1;39mGenerating debug symbols for AutoBackground17…[m
[0;34m==> [1;39mStripping AutoBackground17 (arm64e)…[m
[0;34m==> [1;39mMerging tweak AutoBackground17…[m
[0;34m==> [1;39mSigning AutoBackground17…[m
[1;31m> [1;3;39mMaking all for tweak AutoBackground17App…[m
[0;32m==> [1;39mCompiling src/AutoBGApp.m (arm64)…[m
[0;32m==> [1;39mCompiling src/AutoBGConfig.m (arm64)…[m
[0;33m==> [1;39mLinking tweak AutoBackground17App (arm64)…[m
ld: warning: -multiply_defined is obsolete
[0;34m==> [1;39mGenerating debug symbols for AutoBackground17App…[m
[0;34m==> [1;39mStripping AutoBackground17App (arm64)…[m
[0;32m==> [1;39mCompiling src/AutoBGApp.m (arm64e)…[m
[0;32m==> [1;39mCompiling src/AutoBGConfig.m (arm64e)…[m
[0;33m==> [1;39mLinking tweak AutoBackground17App (arm64e)…[m
ld: warning: -multiply_defined is obsolete
[0;34m==> [1;39mGenerating debug symbols for AutoBackground17App…[m
[0;34m==> [1;39mStripping AutoBackground17App (arm64e)…[m
[0;34m==> [1;39mMerging tweak AutoBackground17App…[m
[0;34m==> [1;39mSigning AutoBackground17App…[m
[1;31m> [1;3;39mMaking all for bundle AutoBackground17Settings…[m
[0;32m==> [1;39mCompiling settings/AutoBGRootListController.m (arm64)…[m
[1msettings/AutoBGRootListController.m:2:9: [0m[0;1;31mfatal error: [0m[1m'AutoBGConfig.h' file not found[0m
#import "AutoBGConfig.h"
[0;1;32m        ^~~~~~~~~~~~~~~~
[0m1 error generated.
make[3]: *** [/Users/runner/work/AutoBackground17/AutoBackground17/.theos/obj/arm64/settings/AutoBGRootListController.m.ce136c8a.o] Error 1
make[2]: *** [/Users/runner/work/AutoBackground17/AutoBackground17/.theos/obj/arm64/AutoBackground17Settings.bundle/AutoBackground17Settings] Error 2
make[1]: *** [internal-bundle-all_] Error 2
make: *** [AutoBackground17Settings.all.bundle.variables] Error 2
